** WARNING: connection is not using a post-quantum key exchange algorithm.
** This session may be vulnerable to "store now, decrypt later" attacks.
** The server may need to be upgraded. See https://openssh.com/pq.html
2026-10-07 02:15:37.306 [bg] mem=10.2MB Decoder: SPS received
2026-10-07 02:15:37.309 [bg] mem=10.2MB Decoder: PPS received
2026-10-07 02:15:38.329 [bg] mem=10.2MB Decoder: SPS received
2026-10-07 02:15:38.332 [bg] mem=10.2MB Decoder: PPS received
2026-10-07 02:15:38.341 [bg] mem=10.2MB Decoder: VideoToolbox OK - 2048x1536 - frames 4560
2026-10-07 02:15:39.307 [bg] mem=10.2MB Decoder: SPS received
2026-10-07 02:15:39.310 [bg] mem=10.2MB Decoder: PPS received
2026-10-07 02:15:40.307 [bg] mem=10.2MB Decoder: SPS received
2026-10-07 02:15:40.310 [bg] mem=10.2MB Decoder: PPS received
2026-10-07 02:15:40.318 [bg] mem=10.2MB Decoder: VideoToolbox OK - 2048x1536 - frames 4680
2026-10-07 02:15:41.306 [bg] mem=10.2MB Decoder: SPS received
2026-10-07 02:15:41.310 [bg] mem=10.2MB Decoder: PPS received
2026-10-07 02:15:42.306 [bg] mem=10.2MB Decoder: SPS received
2026-10-07 02:15:42.309 [bg] mem=10.2MB Decoder: PPS received
2026-10-07 02:15:42.318 [bg] mem=10.2MB Decoder: VideoToolbox OK - 2048x1536 - frames 4800
2026-10-07 02:15:43.309 [bg] mem=10.2MB Decoder: SPS received
2026-10-07 02:15:43.312 [bg] mem=10.2MB Decoder: PPS received
2026-10-07 02:15:44.307 [bg] mem=10.2MB Decoder: SPS received
2026-10-07 02:15:44.310 [bg] mem=10.2MB Decoder: PPS received
2026-10-07 02:15:44.320 [bg] mem=10.3MB Decoder: VideoToolbox OK - 2048x1536 - frames 4920
2026-10-07 02:15:45.307 [bg] mem=10.2MB Decoder: SPS received
2026-10-07 02:15:45.310 [bg] mem=10.2MB Decoder: PPS received
2026-10-07 02:15:46.309 [bg] mem=10.2MB Decoder: SPS received
2026-10-07 02:15:46.312 [bg] mem=10.2MB Decoder: PPS received
2026-10-07 02:15:46.318 [bg] mem=10.2MB Decoder: VideoToolbox OK - 2048x1536 - frames 5040
2026-10-07 02:15:47.307 [bg] mem=10.2MB Decoder: SPS received
2026-10-07 02:15:47.310 [bg] mem=10.2MB Decoder: PPS received
2026-10-07 02:15:48.308 [bg] mem=10.2MB Decoder: SPS received
2026-10-07 02:15:48.311 [bg] mem=10.2MB Decoder: PPS received
2026-10-07 02:15:48.319 [bg] mem=10.2MB Decoder: VideoToolbox OK - 2048x1536 - frames 5160
2026-10-07 02:15:49.306 [bg] mem=10.2MB Decoder: SPS received
2026-10-07 02:15:49.309 [bg] mem=10.2MB Decoder: PPS received
2026-10-07 02:15:50.308 [bg] mem=10.2MB Decoder: SPS received
2026-10-07 02:15:50.311 [bg] mem=10.2MB Decoder: PPS received
2026-10-07 02:15:50.322 [bg] mem=10.4MB Decoder: VideoToolbox OK - 2048x1536 - frames 5280
2026-10-07 02:15:51.306 [bg] mem=10.2MB Decoder: SPS received
2026-10-07 02:15:51.309 [bg] mem=10.2MB Decoder: PPS received
2026-10-07 02:15:52.309 [bg] mem=10.2MB Decoder: SPS received
2026-10-07 02:15:52.315 [bg] mem=10.2MB Decoder: PPS received
2026-10-07 02:15:52.327 [bg] mem=10.2MB Decoder: VideoToolbox OK - 2048x1536 - frames 5400
2026-10-07 02:15:53.308 [bg] mem=10.2MB Decoder: SPS received
2026-10-07 02:15:53.311 [bg] mem=10.2MB Decoder: PPS received
2026-10-07 02:15:54.306 [bg] mem=10.2MB Decoder: SPS received
2026-10-07 02:15:54.309 [bg] mem=10.2MB Decoder: PPS received
2026-10-07 02:15:54.318 [bg] mem=10.2MB Decoder: VideoToolbox OK - 2048x1536 - frames 5520
2026-10-07 02:15:55.307 [bg] mem=10.2MB Decoder: SPS received
2026-10-07 02:15:55.311 [bg] mem=10.2MB Decoder: PPS received
2026-10-07 02:15:56.310 [bg] mem=10.2MB Decoder: SPS received
2026-10-07 02:15:56.313 [bg] mem=10.2MB Decoder: PPS received
2026-10-07 02:15:56.323 [bg] mem=10.4MB Decoder: VideoToolbox OK - 2048x1536 - frames 5640
2026-10-07 02:15:57.317 [bg] mem=10.3MB Decoder: SPS received
2026-10-07 02:15:57.320 [bg] mem=10.3MB Decoder: PPS received
2026-10-07 02:15:58.307 [bg] mem=10.3MB Decoder: SPS received
2026-10-07 02:15:58.309 [bg] mem=10.3MB Decoder: PPS received
2026-10-07 02:15:58.319 [bg] mem=10.2MB Decoder: VideoToolbox OK - 2048x1536 - frames 5760
2026-10-07 02:15:59.307 [bg] mem=10.3MB Decoder: SPS received
2026-10-07 02:15:59.312 [bg] mem=10.3MB Decoder: PPS received
2026-10-07 02:16:00.307 [bg] mem=10.3MB Decoder: SPS received
2026-10-07 02:16:00.310 [bg] mem=10.3MB Decoder: PPS received
2026-10-07 02:16:00.319 [bg] mem=10.2MB Decoder: VideoToolbox OK - 2048x1536 - frames 5880
2026-10-07 02:16:01.306 [bg] mem=10.3MB Decoder: SPS received
2026-10-07 02:16:01.309 [bg] mem=10.3MB Decoder: PPS received
2026-10-07 02:16:02.306 [bg] mem=10.3MB Decoder: SPS received
2026-10-07 02:16:02.309 [bg] mem=10.3MB Decoder: PPS received
2026-10-07 02:16:02.318 [bg] mem=10.2MB Decoder: VideoToolbox OK - 2048x1536 - frames 6000
2026-10-07 02:16:03.330 [bg] mem=10.2MB Decoder: SPS received
2026-10-07 02:16:03.334 [bg] mem=10.2MB Decoder: PPS received
2026-10-07 02:16:04.307 [bg] mem=10.2MB Decoder: SPS received
2026-10-07 02:16:04.310 [bg] mem=10.2MB Decoder: PPS received
2026-10-07 02:16:04.320 [bg] mem=10.2MB Decoder: VideoToolbox OK - 2048x1536 - frames 6120
2026-10-07 02:16:05.310 [bg] mem=10.2MB Decoder: SPS received
2026-10-07 02:16:05.313 [bg] mem=10.2MB Decoder: PPS received
2026-10-07 02:16:06.316 [bg] mem=10.2MB Decoder: SPS received
2026-10-07 02:16:06.319 [bg] mem=10.2MB Decoder: PPS received
2026-10-07 02:16:06.336 [bg] mem=10.2MB Decoder: VideoToolbox OK - 2048x1536 - frames 6240
2026-10-07 02:16:07.307 [bg] mem=10.2MB Decoder: SPS received
2026-10-07 02:16:07.311 [bg] mem=10.2MB Decoder: PPS received
2026-10-07 02:16:08.307 [bg] mem=10.2MB Decoder: SPS received
2026-10-07 02:16:08.310 [bg] mem=10.2MB Decoder: PPS received
2026-10-07 02:16:08.319 [bg] mem=10.2MB Decoder: VideoToolbox OK - 2048x1536 - frames 6360
2026-10-07 02:16:09.307 [bg] mem=10.2MB Decoder: SPS received
2026-10-07 02:16:09.310 [bg] mem=10.2MB Decoder: PPS received
2026-10-07 02:16:10.307 [bg] mem=10.2MB Decoder: SPS received
2026-10-07 02:16:10.311 [bg] mem=10.2MB Decoder: PPS received
2026-10-07 02:16:10.319 [bg] mem=10.2MB Decoder: VideoToolbox OK - 2048x1536 - frames 6480
2026-10-07 02:16:11.308 [bg] mem=10.2MB Decoder: SPS received
2026-10-07 02:16:11.311 [bg] mem=10.2MB Decoder: PPS received
2026-10-07 02:16:12.310 [bg] mem=10.2MB Decoder: SPS received
2026-10-07 02:16:12.313 [bg] mem=10.2MB Decoder: PPS received
2026-10-07 02:16:12.322 [bg] mem=10.4MB Decoder: VideoToolbox OK - 2048x1536 - frames 6600
2026-10-07 02:16:13.307 [bg] mem=10.2MB Decoder: SPS received
2026-10-07 02:16:13.310 [bg] mem=10.2MB Decoder: PPS received
2026-10-07 02:16:14.307 [bg] mem=10.2MB Decoder: SPS received
2026-10-07 02:16:14.310 [bg] mem=10.2MB Decoder: PPS received
2026-10-07 02:16:14.321 [bg] mem=10.4MB Decoder: VideoToolbox OK - 2048x1536 - frames 6720
2026-10-07 02:16:15.307 [bg] mem=10.2MB Decoder: SPS received
2026-10-07 02:16:15.310 [bg] mem=10.2MB Decoder: PPS received
2026-10-07 02:16:16.306 [bg] mem=10.2MB Decoder: SPS received
2026-10-07 02:16:16.309 [bg] mem=10.2MB Decoder: PPS received
2026-10-07 02:16:16.318 [bg] mem=10.2MB Decoder: VideoToolbox OK - 2048x1536 - frames 6840
2026-10-07 02:16:17.309 [bg] mem=10.2MB Decoder: SPS received
2026-10-07 02:16:17.312 [bg] mem=10.2MB Decoder: PPS received
2026-10-07 02:16:18.307 [bg] mem=10.2MB Decoder: SPS received
2026-10-07 02:16:18.310 [bg] mem=10.2MB Decoder: PPS received
2026-10-07 02:16:18.319 [bg] mem=10.2MB Decoder: VideoToolbox OK - 2048x1536 - frames 6960
2026-10-07 02:16:19.307 [bg] mem=10.2MB Decoder: SPS received
2026-10-07 02:16:19.310 [bg] mem=10.2MB Decoder: PPS received
2026-10-07 02:16:20.308 [bg] mem=10.2MB Decoder: SPS received
2026-10-07 02:16:20.311 [bg] mem=10.2MB Decoder: PPS received
2026-10-07 02:16:20.320 [bg] mem=10.2MB Decoder: VideoToolbox OK - 2048x1536 - frames 7080
2026-10-07 02:16:21.308 [bg] mem=10.2MB Decoder: SPS received
2026-10-07 02:16:21.311 [bg] mem=10.2MB Decoder: PPS received
2026-10-07 02:16:22.307 [bg] mem=10.2MB Decoder: SPS received
2026-10-07 02:16:22.310 [bg] mem=10.2MB Decoder: PPS received
2026-10-07 02:16:22.319 [bg] mem=10.2MB Decoder: VideoToolbox OK - 2048x1536 - frames 7200
2026-10-07 02:16:23.308 [bg] mem=10.2MB Decoder: SPS received
2026-10-07 02:16:23.312 [bg] mem=10.2MB Decoder: PPS received
2026-10-07 02:16:24.310 [bg] mem=10.2MB Decoder: SPS received
2026-10-07 02:16:24.313 [bg] mem=10.2MB Decoder: PPS received
2026-10-07 02:16:24.323 [bg] mem=10.4MB Decoder: VideoToolbox OK - 2048x1536 - frames 7320
2026-10-07 02:16:25.311 [bg] mem=10.2MB Decoder: SPS received
2026-10-07 02:16:25.314 [bg] mem=10.2MB Decoder: PPS received
2026-10-07 02:16:26.308 [bg] mem=10.2MB Decoder: SPS received
2026-10-07 02:16:26.311 [bg] mem=10.2MB Decoder: PPS received
2026-10-07 02:16:26.320 [bg] mem=10.2MB Decoder: VideoToolbox OK - 2048x1536 - frames 7440
2026-10-07 02:16:27.309 [bg] mem=10.2MB Decoder: SPS received
2026-10-07 02:16:27.313 [bg] mem=10.2MB Decoder: PPS received
2026-10-07 02:16:28.331 [bg] mem=10.2MB Decoder: SPS received
2026-10-07 02:16:28.334 [bg] mem=10.2MB Decoder: PPS received
2026-10-07 02:16:28.342 [bg] mem=10.1MB Decoder: VideoToolbox OK - 2048x1536 - frames 7560
2026-10-07 02:16:29.328 [bg] mem=10.2MB Decoder: SPS received
2026-10-07 02:16:29.334 [bg] mem=10.2MB Decoder: PPS received
2026-10-07 02:16:30.308 [bg] mem=10.2MB Decoder: SPS received
2026-10-07 02:16:30.311 [bg] mem=10.2MB Decoder: PPS received
2026-10-07 02:16:30.320 [bg] mem=10.2MB Decoder: VideoToolbox OK - 2048x1536 - frames 7680
2026-10-07 02:16:31.309 [bg] mem=10.2MB Decoder: SPS received
2026-10-07 02:16:31.313 [bg] mem=10.2MB Decoder: PPS received
2026-10-07 02:16:32.319 [bg] mem=10.2MB Decoder: SPS received
2026-10-07 02:16:32.322 [bg] mem=10.2MB Decoder: PPS received
2026-10-07 02:16:32.337 [bg] mem=10.2MB Decoder: VideoToolbox OK - 2048x1536 - frames 7800
2026-10-07 02:16:33.310 [bg] mem=10.2MB Decoder: SPS received
2026-10-07 02:16:33.313 [bg] mem=10.2MB Decoder: PPS received
2026-10-07 02:16:34.308 [bg] mem=10.2MB Decoder: SPS received
2026-10-07 02:16:34.311 [bg] mem=10.2MB Decoder: PPS received
2026-10-07 02:16:34.320 [bg] mem=10.2MB Decoder: VideoToolbox OK - 2048x1536 - frames 7920
2026-10-07 02:16:35.311 [bg] mem=10.2MB Decoder: SPS received
2026-10-07 02:16:35.314 [bg] mem=10.2MB Decoder: PPS received
2026-10-07 02:16:36.312 [bg] mem=10.2MB Decoder: SPS received
2026-10-07 02:16:36.316 [bg] mem=10.2MB Decoder: PPS received
2026-10-07 02:16:36.325 [bg] mem=10.2MB Decoder: VideoToolbox OK - 2048x1536 - frames 8040
2026-10-07 02:16:37.309 [bg] mem=10.2MB Decoder: SPS received
2026-10-07 02:16:37.315 [bg] mem=10.2MB Decoder: PPS received
2026-10-07 02:16:38.311 [bg] mem=10.2MB Decoder: SPS received
2026-10-07 02:16:38.314 [bg] mem=10.2MB Decoder: PPS received
2026-10-07 02:16:38.325 [bg] mem=10.2MB Decoder: VideoToolbox OK - 2048x1536 - frames 8160
2026-10-07 02:16:39.308 [bg] mem=10.2MB Decoder: SPS received
2026-10-07 02:16:39.311 [bg] mem=10.2MB Decoder: PPS received
2026-10-07 02:16:40.309 [bg] mem=10.2MB Decoder: SPS received
2026-10-07 02:16:40.312 [bg] mem=10.2MB Decoder: PPS received
2026-10-07 02:16:40.322 [bg] mem=10.4MB Decoder: VideoToolbox OK - 2048x1536 - frames 8280
2026-10-07 02:16:41.308 [bg] mem=10.2MB Decoder: SPS received
2026-10-07 02:16:41.311 [bg] mem=10.2MB Decoder: PPS received
2026-10-07 02:16:42.312 [bg] mem=10.2MB Decoder: SPS received
2026-10-07 02:16:42.315 [bg] mem=10.2MB Decoder: PPS received
2026-10-07 02:16:42.324 [bg] mem=10.2MB Decoder: VideoToolbox OK - 2048x1536 - frames 8400
2026-10-07 02:16:43.307 [bg] mem=10.2MB Decoder: SPS received
2026-10-07 02:16:43.310 [bg] mem=10.2MB Decoder: PPS received
2026-10-07 02:16:44.311 [bg] mem=10.2MB Decoder: SPS received
2026-10-07 02:16:44.314 [bg] mem=10.2MB Decoder: PPS received
2026-10-07 02:16:44.325 [bg] mem=10.2MB Decoder: VideoToolbox OK - 2048x1536 - frames 8520
2026-10-07 02:16:45.308 [bg] mem=10.2MB Decoder: SPS received
2026-10-07 02:16:45.311 [bg] mem=10.2MB Decoder: PPS received
2026-10-07 02:16:46.308 [bg] mem=10.2MB Decoder: SPS received
2026-10-07 02:16:46.311 [bg] mem=10.2MB Decoder: PPS received
2026-10-07 02:16:46.320 [bg] mem=10.2MB Decoder: VideoToolbox OK - 2048x1536 - frames 8640
2026-10-07 02:16:47.308 [bg] mem=10.2MB Decoder: SPS received
2026-10-07 02:16:47.311 [bg] mem=10.2MB Decoder: PPS received
2026-10-07 02:16:48.310 [bg] mem=10.2MB Decoder: SPS received
2026-10-07 02:16:48.313 [bg] mem=10.2MB Decoder: PPS received
2026-10-07 02:16:48.323 [bg] mem=10.4MB Decoder: VideoToolbox OK - 2048x1536 - frames 8760
2026-10-07 02:16:49.308 [bg] mem=10.2MB Decoder: SPS received
2026-10-07 02:16:49.311 [bg] mem=10.2MB Decoder: PPS received
2026-10-07 02:16:50.311 [bg] mem=10.2MB Decoder: SPS received
2026-10-07 02:16:50.315 [bg] mem=10.2MB Decoder: PPS received
2026-10-07 02:16:50.326 [bg] mem=10.2MB Decoder: VideoToolbox OK - 2048x1536 - frames 8880
2026-10-07 02:16:51.310 [bg] mem=10.2MB Decoder: SPS received
2026-10-07 02:16:51.314 [bg] mem=10.2MB Decoder: PPS received
2026-10-07 02:16:52.322 [bg] mem=10.2MB Decoder: SPS received
2026-10-07 02:16:52.326 [bg] mem=10.2MB Decoder: PPS received
2026-10-07 02:16:52.332 [bg] mem=10.2MB Decoder: VideoToolbox OK - 2048x1536 - frames 9000
2026-10-07 02:16:53.309 [bg] mem=10.2MB Decoder: SPS received
2026-10-07 02:16:53.312 [bg] mem=10.2MB Decoder: PPS received
2026-10-07 02:16:54.308 [bg] mem=10.2MB Decoder: SPS received
2026-10-07 02:16:54.311 [bg] mem=10.2MB Decoder: PPS received
2026-10-07 02:16:54.320 [bg] mem=10.2MB Decoder: VideoToolbox OK - 2048x1536 - frames 9120
2026-10-07 02:16:55.308 [bg] mem=10.2MB Decoder: SPS received
2026-10-07 02:16:55.311 [bg] mem=10.2MB Decoder: PPS received
2026-10-07 02:16:56.309 [bg] mem=10.2MB Decoder: SPS received
2026-10-07 02:16:56.312 [bg] mem=10.2MB Decoder: PPS received
2026-10-07 02:16:56.321 [bg] mem=10.2MB Decoder: VideoToolbox OK - 2048x1536 - frames 9240
2026-10-07 02:16:57.311 [bg] mem=10.2MB Decoder: SPS received
2026-10-07 02:16:57.314 [bg] mem=10.2MB Decoder: PPS received
2026-10-07 02:16:58.310 [bg] mem=10.2MB Decoder: SPS received
2026-10-07 02:16:58.314 [bg] mem=10.2MB Decoder: PPS received
2026-10-07 02:16:58.327 [bg] mem=10.2MB Decoder: VideoToolbox OK - 2048x1536 - frames 9360
2026-10-07 02:16:59.310 [bg] mem=10.2MB Decoder: SPS received
2026-10-07 02:16:59.313 [bg] mem=10.2MB Decoder: PPS received
2026-10-07 02:17:00.311 [bg] mem=10.2MB Decoder: SPS received
2026-10-07 02:17:00.314 [bg] mem=10.2MB Decoder: PPS received
2026-10-07 02:17:00.323 [bg] mem=10.3MB Decoder: VideoToolbox OK - 2048x1536 - frames 9480
2026-10-07 02:17:01.311 [bg] mem=10.2MB Decoder: SPS received
2026-10-07 02:17:01.314 [bg] mem=10.2MB Decoder: PPS received
2026-10-07 02:17:02.311 [bg] mem=10.2MB Decoder: SPS received
2026-10-07 02:17:02.314 [bg] mem=10.2MB Decoder: PPS received
2026-10-07 02:17:02.325 [bg] mem=10.3MB Decoder: VideoToolbox OK - 2048x1536 - frames 9600
2026-10-07 02:17:03.313 [bg] mem=10.2MB Decoder: SPS received
2026-10-07 02:17:03.316 [bg] mem=10.2MB Decoder: PPS received
2026-10-07 02:17:04.308 [bg] mem=10.2MB Decoder: SPS received
2026-10-07 02:17:04.312 [bg] mem=10.2MB Decoder: PPS received
2026-10-07 02:17:04.321 [bg] mem=10.2MB Decoder: VideoToolbox OK - 2048x1536 - frames 9720
2026-10-07 02:17:05.311 [bg] mem=10.2MB Decoder: SPS received
2026-10-07 02:17:05.315 [bg] mem=10.2MB Decoder: PPS received
2026-10-07 02:17:06.312 [bg] mem=10.2MB Decoder: SPS received
2026-10-07 02:17:06.316 [bg] mem=10.2MB Decoder: PPS received
2026-10-07 02:17:06.325 [bg] mem=10.2MB Decoder: VideoToolbox OK - 2048x1536 - frames 9840
2026-10-07 02:17:07.311 [bg] mem=10.2MB Decoder: SPS received
2026-10-07 02:17:07.314 [bg] mem=10.2MB Decoder: PPS received
2026-10-07 02:17:08.310 [bg] mem=10.2MB Decoder: SPS received
2026-10-07 02:17:08.312 [bg] mem=10.2MB Decoder: PPS received
2026-10-07 02:17:08.322 [bg] mem=10.2MB Decoder: VideoToolbox OK - 2048x1536 - frames 9960
2026-10-07 02:17:09.309 [bg] mem=10.2MB Decoder: SPS received
2026-10-07 02:17:09.312 [bg] mem=10.2MB Decoder: PPS received
2026-10-07 02:17:10.311 [bg] mem=10.2MB Decoder: SPS received
2026-10-07 02:17:10.314 [bg] mem=10.2MB Decoder: PPS received
2026-10-07 02:17:10.324 [bg] mem=10.4MB Decoder: VideoToolbox OK - 2048x1536 - frames 10080
2026-10-07 02:17:11.310 [bg] mem=10.2MB Decoder: SPS received
2026-10-07 02:17:11.313 [bg] mem=10.2MB Decoder: PPS received
2026-10-07 02:17:12.309 [bg] mem=10.2MB Decoder: SPS received
2026-10-07 02:17:12.312 [bg] mem=10.2MB Decoder: PPS received
2026-10-07 02:17:12.321 [bg] mem=10.2MB Decoder: VideoToolbox OK - 2048x1536 - frames 10200
2026-10-07 02:17:13.313 [bg] mem=10.2MB Decoder: SPS received
2026-10-07 02:17:13.316 [bg] mem=10.2MB Decoder: PPS received
2026-10-07 02:17:14.310 [bg] mem=10.2MB Decoder: SPS received
2026-10-07 02:17:14.315 [bg] mem=10.2MB Decoder: PPS received
2026-10-07 02:17:14.322 [bg] mem=10.2MB Decoder: VideoToolbox OK - 2048x1536 - frames 10320
2026-10-07 02:17:15.309 [bg] mem=10.2MB Decoder: SPS received
2026-10-07 02:17:15.312 [bg] mem=10.2MB Decoder: PPS received
2026-10-07 02:17:16.312 [bg] mem=10.2MB Decoder: SPS received
2026-10-07 02:17:16.316 [bg] mem=10.2MB Decoder: PPS received
2026-10-07 02:17:16.325 [bg] mem=10.4MB Decoder: VideoToolbox OK - 2048x1536 - frames 10440
2026-10-07 02:17:17.311 [bg] mem=10.2MB Decoder: SPS received
2026-10-07 02:17:17.315 [bg] mem=10.2MB Decoder: PPS received
2026-10-07 02:17:18.309 [bg] mem=10.2MB Decoder: SPS received
2026-10-07 02:17:18.312 [bg] mem=10.2MB Decoder: PPS received
2026-10-07 02:17:18.321 [bg] mem=10.2MB Decoder: VideoToolbox OK - 2048x1536 - frames 10560
2026-10-07 02:17:19.308 [bg] mem=10.2MB Decoder: SPS received
2026-10-07 02:17:19.311 [bg] mem=10.2MB Decoder: PPS received
2026-10-07 02:17:20.310 [bg] mem=10.2MB Decoder: SPS received
2026-10-07 02:17:20.313 [bg] mem=10.2MB Decoder: PPS received
2026-10-07 02:17:20.322 [bg] mem=10.1MB Decoder: VideoToolbox OK - 2048x1536 - frames 10680
2026-10-07 02:17:21.310 [bg] mem=10.2MB Decoder: SPS received
2026-10-07 02:17:21.312 [bg] mem=10.2MB Decoder: PPS received
2026-10-07 02:17:22.310 [bg] mem=10.2MB Decoder: SPS received
2026-10-07 02:17:22.314 [bg] mem=10.2MB Decoder: PPS received
2026-10-07 02:17:22.322 [bg] mem=10.2MB Decoder: VideoToolbox OK - 2048x1536 - frames 10800
2026-10-07 02:17:23.312 [bg] mem=10.2MB Decoder: SPS received
2026-10-07 02:17:23.315 [bg] mem=10.2MB Decoder: PPS received
2026-10-07 02:17:24.310 [bg] mem=10.2MB Decoder: SPS received
2026-10-07 02:17:24.313 [bg] mem=10.2MB Decoder: PPS received
2026-10-07 02:17:24.322 [bg] mem=10.1MB Decoder: VideoToolbox OK - 2048x1536 - frames 10920
2026-10-07 02:17:25.309 [bg] mem=10.2MB Decoder: SPS received
2026-10-07 02:17:25.312 [bg] mem=10.2MB Decoder: PPS received
2026-10-07 02:17:26.322 [bg] mem=10.2MB Decoder: SPS received
2026-10-07 02:17:26.325 [bg] mem=10.2MB Decoder: PPS received
2026-10-07 02:17:26.341 [bg] mem=10.1MB Decoder: VideoToolbox OK - 2048x1536 - frames 11040
2026-10-07 02:17:27.310 [bg] mem=10.2MB Decoder: SPS received
2026-10-07 02:17:27.313 [bg] mem=10.2MB Decoder: PPS received
2026-10-07 02:17:28.309 [bg] mem=10.2MB Decoder: SPS received
2026-10-07 02:17:28.312 [bg] mem=10.2MB Decoder: PPS received
2026-10-07 02:17:28.321 [bg] mem=10.2MB Decoder: VideoToolbox OK - 2048x1536 - frames 11160
2026-10-07 02:17:29.309 [bg] mem=10.2MB Decoder: SPS received
2026-10-07 02:17:29.313 [bg] mem=10.2MB Decoder: PPS received
2026-10-07 02:17:30.312 [bg] mem=10.2MB Decoder: SPS received
2026-10-07 02:17:30.315 [bg] mem=10.2MB Decoder: PPS received
2026-10-07 02:17:30.325 [bg] mem=10.4MB Decoder: VideoToolbox OK - 2048x1536 - frames 11280
2026-10-07 02:17:31.313 [bg] mem=10.2MB Decoder: SPS received
2026-10-07 02:17:31.316 [bg] mem=10.2MB Decoder: PPS received
2026-10-07 02:17:32.309 [bg] mem=10.2MB Decoder: SPS received
2026-10-07 02:17:32.312 [bg] mem=10.2MB Decoder: PPS received
2026-10-07 02:17:32.322 [bg] mem=10.2MB Decoder: VideoToolbox OK - 2048x1536 - frames 11400
2026-10-07 02:17:33.313 [bg] mem=10.2MB Decoder: SPS received
2026-10-07 02:17:33.318 [bg] mem=10.2MB Decoder: PPS received
2026-10-07 02:17:34.309 [bg] mem=10.2MB Decoder: SPS received
2026-10-07 02:17:34.312 [bg] mem=10.2MB Decoder: PPS received
2026-10-07 02:17:34.321 [bg] mem=10.2MB Decoder: VideoToolbox OK - 2048x1536 - frames 11520
2026-10-07 02:17:35.313 [bg] mem=10.2MB Decoder: SPS received
2026-10-07 02:17:35.316 [bg] mem=10.2MB Decoder: PPS received
2026-10-07 02:17:36.313 [bg] mem=10.2MB Decoder: SPS received
2026-10-07 02:17:36.317 [bg] mem=10.2MB Decoder: PPS received
2026-10-07 02:17:36.326 [bg] mem=10.2MB Decoder: VideoToolbox OK - 2048x1536 - frames 11640
2026-10-07 02:17:37.312 [bg] mem=10.2MB Decoder: SPS received
2026-10-07 02:17:37.317 [bg] mem=10.2MB Decoder: PPS received
2026-10-07 02:17:38.313 [bg] mem=10.2MB Decoder: SPS received
2026-10-07 02:17:38.316 [bg] mem=10.2MB Decoder: PPS received
2026-10-07 02:17:38.326 [bg] mem=10.2MB Decoder: VideoToolbox OK - 2048x1536 - frames 11760
2026-10-07 02:17:39.312 [bg] mem=10.2MB Decoder: SPS received
2026-10-07 02:17:39.315 [bg] mem=10.2MB Decoder: PPS received
2026-10-07 02:17:40.310 [bg] mem=10.2MB Decoder: SPS received
2026-10-07 02:17:40.314 [bg] mem=10.2MB Decoder: PPS received
2026-10-07 02:17:40.324 [bg] mem=10.4MB Decoder: VideoToolbox OK - 2048x1536 - frames 11880
2026-10-07 02:17:41.312 [bg] mem=10.2MB Decoder: SPS received
2026-10-07 02:17:41.316 [bg] mem=10.2MB Decoder: PPS received
2026-10-07 02:17:42.313 [bg] mem=10.2MB Decoder: SPS received
2026-10-07 02:17:42.317 [bg] mem=10.2MB Decoder: PPS received
2026-10-07 02:17:42.327 [bg] mem=10.2MB Decoder: VideoToolbox OK - 2048x1536 - frames 12000
2026-10-07 02:17:43.310 [bg] mem=10.2MB Decoder: SPS received
2026-10-07 02:17:43.313 [bg] mem=10.2MB Decoder: PPS received
2026-10-07 02:17:44.312 [bg] mem=10.2MB Decoder: SPS received
2026-10-07 02:17:44.316 [bg] mem=10.2MB Decoder: PPS received
2026-10-07 02:17:44.326 [bg] mem=10.2MB Decoder: VideoToolbox OK - 2048x1536 - frames 12120
2026-10-07 02:17:45.311 [bg] mem=10.2MB Decoder: SPS received
2026-10-07 02:17:45.314 [bg] mem=10.2MB Decoder: PPS received
2026-10-07 02:17:46.309 [bg] mem=10.2MB Decoder: SPS received
2026-10-07 02:17:46.312 [bg] mem=10.2MB Decoder: PPS received
2026-10-07 02:17:46.322 [bg] mem=10.2MB Decoder: VideoToolbox OK - 2048x1536 - frames 12240
2026-10-07 02:17:47.312 [bg] mem=10.2MB Decoder: SPS received
2026-10-07 02:17:47.315 [bg] mem=10.2MB Decoder: PPS received
2026-10-07 02:17:48.312 [bg] mem=10.2MB Decoder: SPS received
2026-10-07 02:17:48.318 [bg] mem=10.2MB Decoder: PPS received
2026-10-07 02:17:48.328 [bg] mem=10.2MB Decoder: VideoToolbox OK - 2048x1536 - frames 12360
2026-10-07 02:17:49.314 [bg] mem=10.2MB Decoder: SPS received
2026-10-07 02:17:49.317 [bg] mem=10.2MB Decoder: PPS received
2026-10-07 02:17:50.310 [bg] mem=10.2MB Decoder: SPS received
2026-10-07 02:17:50.313 [bg] mem=10.2MB Decoder: PPS received
2026-10-07 02:17:50.325 [bg] mem=10.4MB Decoder: VideoToolbox OK - 2048x1536 - frames 12480
2026-10-07 02:17:51.310 [bg] mem=10.2MB Decoder: SPS received
2026-10-07 02:17:51.314 [bg] mem=10.2MB Decoder: PPS received
2026-10-07 02:17:52.309 [bg] mem=10.2MB Decoder: SPS received
2026-10-07 02:17:52.313 [bg] mem=10.2MB Decoder: PPS received
2026-10-07 02:17:52.324 [bg] mem=10.4MB Decoder: VideoToolbox OK - 2048x1536 - frames 12600
2026-10-07 02:17:53.309 [bg] mem=10.2MB Decoder: SPS received
2026-10-07 02:17:53.313 [bg] mem=10.2MB Decoder: PPS received
2026-10-07 02:17:54.310 [bg] mem=10.2MB Decoder: SPS received
2026-10-07 02:17:54.313 [bg] mem=10.2MB Decoder: PPS received
2026-10-07 02:17:54.322 [bg] mem=10.2MB Decoder: VideoToolbox OK - 2048x1536 - frames 12720
2026-10-07 02:17:55.310 [bg] mem=10.2MB Decoder: SPS received
2026-10-07 02:17:55.313 [bg] mem=10.2MB Decoder: PPS received
2026-10-07 02:17:56.312 [bg] mem=10.2MB Decoder: SPS received
2026-10-07 02:17:56.315 [bg] mem=10.2MB Decoder: PPS received
2026-10-07 02:17:56.321 [bg] mem=10.2MB Decoder: VideoToolbox OK - 2048x1536 - frames 12840
2026-10-07 02:17:57.310 [bg] mem=10.2MB Decoder: SPS received
2026-10-07 02:17:57.313 [bg] mem=10.2MB Decoder: PPS received
2026-10-07 02:17:58.310 [bg] mem=10.2MB Decoder: SPS received
2026-10-07 02:17:58.313 [bg] mem=10.2MB Decoder: PPS received
2026-10-07 02:17:58.323 [bg] mem=10.3MB Decoder: VideoToolbox OK - 2048x1536 - frames 12960
2026-10-07 02:17:59.314 [bg] mem=10.2MB Decoder: SPS received
2026-10-07 02:17:59.318 [bg] mem=10.2MB Decoder: PPS received
2026-10-07 02:18:00.314 [bg] mem=10.2MB Decoder: SPS received
2026-10-07 02:18:00.318 [bg] mem=10.2MB Decoder: PPS received
2026-10-07 02:18:00.327 [bg] mem=10.2MB Decoder: VideoToolbox OK - 2048x1536 - frames 13080
2026-10-07 02:18:01.314 [bg] mem=10.2MB Decoder: SPS received
2026-10-07 02:18:01.317 [bg] mem=10.2MB Decoder: PPS received
2026-10-07 02:18:02.310 [bg] mem=10.2MB Decoder: SPS received
2026-10-07 02:18:02.314 [bg] mem=10.2MB Decoder: PPS received
2026-10-07 02:18:02.325 [bg] mem=10.4MB Decoder: VideoToolbox OK - 2048x1536 - frames 13200
2026-10-07 02:18:03.316 [bg] mem=10.2MB Decoder: SPS received
2026-10-07 02:18:03.319 [bg] mem=10.2MB Decoder: PPS received
2026-10-07 02:18:04.311 [bg] mem=10.2MB Decoder: SPS received
2026-10-07 02:18:04.314 [bg] mem=10.2MB Decoder: PPS received
2026-10-07 02:18:04.323 [bg] mem=10.3MB Decoder: VideoToolbox OK - 2048x1536 - frames 13320
2026-10-07 02:18:05.310 [bg] mem=10.2MB Decoder: SPS received
2026-10-07 02:18:05.311 [bg] mem=10.2MB Decoder: PPS received
2026-10-07 02:18:06.320 [bg] mem=10.2MB Decoder: SPS received
2026-10-07 02:18:06.324 [bg] mem=10.2MB Decoder: PPS received
2026-10-07 02:18:06.341 [bg] mem=10.2MB Decoder: VideoToolbox OK - 2048x1536 - frames 13440
2026-10-07 02:18:07.310 [bg] mem=10.2MB Decoder: SPS received
2026-10-07 02:18:07.313 [bg] mem=10.2MB Decoder: PPS received
2026-10-07 02:18:08.311 [bg] mem=10.2MB Decoder: SPS received
2026-10-07 02:18:08.314 [bg] mem=10.2MB Decoder: PPS received
2026-10-07 02:18:08.323 [bg] mem=10.2MB Decoder: VideoToolbox OK - 2048x1536 - frames 13560
2026-10-07 02:18:09.312 [bg] mem=10.2MB Decoder: SPS received
2026-10-07 02:18:09.315 [bg] mem=10.2MB Decoder: PPS received
2026-10-07 02:18:10.315 [bg] mem=10.2MB Decoder: SPS received
2026-10-07 02:18:10.318 [bg] mem=10.2MB Decoder: PPS received
2026-10-07 02:18:10.328 [bg] mem=10.2MB Decoder: VideoToolbox OK - 2048x1536 - frames 13680
2026-10-07 02:18:11.310 [bg] mem=10.2MB Decoder: SPS received
2026-10-07 02:18:11.313 [bg] mem=10.2MB Decoder: PPS received
2026-10-07 02:18:12.312 [bg] mem=10.2MB Decoder: SPS received
2026-10-07 02:18:12.316 [bg] mem=10.2MB Decoder: PPS received
2026-10-07 02:18:12.328 [bg] mem=10.2MB Decoder: VideoToolbox OK - 2048x1536 - frames 13800
2026-10-07 02:18:13.309 [bg] mem=10.2MB Decoder: SPS received
2026-10-07 02:18:13.312 [bg] mem=10.2MB Decoder: PPS received
2026-10-07 02:18:14.316 [bg] mem=10.2MB Decoder: SPS received
2026-10-07 02:18:14.319 [bg] mem=10.2MB Decoder: PPS received
2026-10-07 02:18:14.328 [bg] mem=10.2MB Decoder: VideoToolbox OK - 2048x1536 - frames 13920
2026-10-07 02:18:15.313 [bg] mem=10.2MB Decoder: SPS received
2026-10-07 02:18:15.316 [bg] mem=10.2MB Decoder: PPS received
2026-10-07 02:18:16.309 [bg] mem=10.2MB Decoder: SPS received
2026-10-07 02:18:16.313 [bg] mem=10.2MB Decoder: PPS received
2026-10-07 02:18:16.322 [bg] mem=10.2MB Decoder: VideoToolbox OK - 2048x1536 - frames 14040
2026-10-07 02:18:17.314 [bg] mem=10.2MB Decoder: SPS received
2026-10-07 02:18:17.317 [bg] mem=10.2MB Decoder: PPS received
2026-10-07 02:18:18.312 [bg] mem=10.2MB Decoder: SPS received
2026-10-07 02:18:18.315 [bg] mem=10.2MB Decoder: PPS received
2026-10-07 02:18:18.323 [bg] mem=10.2MB Decoder: VideoToolbox OK - 2048x1536 - frames 14160
2026-10-07 02:18:19.310 [bg] mem=10.2MB Decoder: SPS received
2026-10-07 02:18:19.314 [bg] mem=10.2MB Decoder: PPS received
2026-10-07 02:18:20.311 [bg] mem=10.2MB Decoder: SPS received
2026-10-07 02:18:20.314 [bg] mem=10.2MB Decoder: PPS received
2026-10-07 02:18:20.323 [bg] mem=10.4MB Decoder: VideoToolbox OK - 2048x1536 - frames 14280
2026-10-07 02:18:21.311 [bg] mem=10.2MB Decoder: SPS received
2026-10-07 02:18:21.314 [bg] mem=10.2MB Decoder: PPS received
2026-10-07 02:18:22.311 [bg] mem=10.2MB Decoder: SPS received
2026-10-07 02:18:22.314 [bg] mem=10.2MB Decoder: PPS received
2026-10-07 02:18:22.323 [bg] mem=10.2MB Decoder: VideoToolbox OK - 2048x1536 - frames 14400
2026-10-07 02:18:23.311 [bg] mem=10.2MB Decoder: SPS received
2026-10-07 02:18:23.314 [bg] mem=10.2MB Decoder: PPS received
2026-10-07 02:18:24.311 [bg] mem=10.2MB Decoder: SPS received
2026-10-07 02:18:24.314 [bg] mem=10.2MB Decoder: PPS received
2026-10-07 02:18:24.323 [bg] mem=10.2MB Decoder: VideoToolbox OK - 2048x1536 - frames 14520
2026-10-07 02:18:25.314 [bg] mem=10.2MB Decoder: SPS received
2026-10-07 02:18:25.317 [bg] mem=10.2MB Decoder: PPS received
2026-10-07 02:18:26.311 [bg] mem=10.2MB Decoder: SPS received
2026-10-07 02:18:26.314 [bg] mem=10.2MB Decoder: PPS received
2026-10-07 02:18:26.324 [bg] mem=10.2MB Decoder: VideoToolbox OK - 2048x1536 - frames 14640
2026-10-07 02:18:27.317 [bg] mem=10.2MB Decoder: SPS received
2026-10-07 02:18:27.320 [bg] mem=10.2MB Decoder: PPS received
2026-10-07 02:18:28.310 [bg] mem=10.2MB Decoder: SPS received
2026-10-07 02:18:28.313 [bg] mem=10.2MB Decoder: PPS received
2026-10-07 02:18:28.326 [bg] mem=10.4MB Decoder: VideoToolbox OK - 2048x1536 - frames 14760
2026-10-07 02:18:29.314 [bg] mem=10.2MB Decoder: SPS received
2026-10-07 02:18:29.318 [bg] mem=10.2MB Decoder: PPS received
2026-10-07 02:18:30.314 [bg] mem=10.2MB Decoder: SPS received
2026-10-07 02:18:30.318 [bg] mem=10.2MB Decoder: PPS received
2026-10-07 02:18:30.327 [bg] mem=10.4MB Decoder: VideoToolbox OK - 2048x1536 - frames 14880
2026-10-07 02:18:31.311 [bg] mem=10.2MB Decoder: SPS received
2026-10-07 02:18:31.314 [bg] mem=10.2MB Decoder: PPS received
2026-10-07 02:18:32.311 [bg] mem=10.2MB Decoder: SPS received
2026-10-07 02:18:32.315 [bg] mem=10.2MB Decoder: PPS received
2026-10-07 02:18:32.324 [bg] mem=10.2MB Decoder: VideoToolbox OK - 2048x1536 - frames 15000
2026-10-07 02:18:33.311 [bg] mem=10.2MB Decoder: SPS received
2026-10-07 02:18:33.314 [bg] mem=10.3MB Decoder: PPS received
2026-10-07 02:18:34.310 [bg] mem=10.2MB Decoder: SPS received
2026-10-07 02:18:34.313 [bg] mem=10.2MB Decoder: PPS received
2026-10-07 02:18:34.322 [bg] mem=10.2MB Decoder: VideoToolbox OK - 2048x1536 - frames 15120
2026-10-07 02:18:35.311 [bg] mem=10.2MB Decoder: SPS received
2026-10-07 02:18:35.314 [bg] mem=10.2MB Decoder: PPS received
2026-10-07 02:18:36.313 [bg] mem=10.2MB Decoder: SPS received
2026-10-07 02:18:36.316 [bg] mem=10.2MB Decoder: PPS received
2026-10-07 02:18:36.330 [bg] mem=10.4MB Decoder: VideoToolbox OK - 2048x1536 - frames 15240
2026-10-07 02:18:37.311 [bg] mem=10.2MB Decoder: SPS received
2026-10-07 02:18:37.314 [bg] mem=10.2MB Decoder: PPS received
2026-10-07 02:18:38.312 [bg] mem=10.2MB Decoder: SPS received
2026-10-07 02:18:38.314 [bg] mem=10.2MB Decoder: PPS received
2026-10-07 02:18:38.324 [bg] mem=10.2MB Decoder: VideoToolbox OK - 2048x1536 - frames 15360
2026-10-07 02:18:39.311 [bg] mem=10.2MB Decoder: SPS received
2026-10-07 02:18:39.314 [bg] mem=10.2MB Decoder: PPS received
2026-10-07 02:18:40.316 [bg] mem=10.2MB Decoder: SPS received
2026-10-07 02:18:40.319 [bg] mem=10.2MB Decoder: PPS received
2026-10-07 02:18:40.328 [bg] mem=10.2MB Decoder: VideoToolbox OK - 2048x1536 - frames 15480
2026-10-07 02:18:41.311 [bg] mem=10.2MB Decoder: SPS received
2026-10-07 02:18:41.315 [bg] mem=10.2MB Decoder: PPS received
2026-10-07 02:18:42.334 [bg] mem=10.2MB Decoder: SPS received
2026-10-07 02:18:42.337 [bg] mem=10.2MB Decoder: PPS received
2026-10-07 02:18:42.346 [bg] mem=10.2MB Decoder: VideoToolbox OK - 2048x1536 - frames 15600
2026-10-07 02:18:43.305 [bg] mem=10.2MB Decoder: SPS received
2026-10-07 02:18:43.307 [bg] mem=10.2MB Decoder: PPS received
2026-10-07 02:18:44.310 [bg] mem=10.2MB Decoder: SPS received
2026-10-07 02:18:44.312 [bg] mem=10.2MB Decoder: PPS received
2026-10-07 02:18:44.325 [bg] mem=10.4MB Decoder: VideoToolbox OK - 2048x1536 - frames 15720
2026-10-07 02:18:45.310 [bg] mem=10.2MB Decoder: SPS received
2026-10-07 02:18:45.311 [bg] mem=10.2MB Decoder: PPS received
2026-10-07 02:18:46.312 [bg] mem=10.2MB Decoder: SPS received
2026-10-07 02:18:46.314 [bg] mem=10.2MB Decoder: PPS received
2026-10-07 02:18:46.325 [bg] mem=10.2MB Decoder: VideoToolbox OK - 2048x1536 - frames 15840
2026-10-07 02:18:47.310 [bg] mem=10.2MB Decoder: SPS received
2026-10-07 02:18:47.312 [bg] mem=10.2MB Decoder: PPS received
2026-10-07 02:18:48.310 [bg] mem=10.2MB Decoder: SPS received
2026-10-07 02:18:48.311 [bg] mem=10.2MB Decoder: PPS received
2026-10-07 02:18:48.321 [bg] mem=10.2MB Decoder: VideoToolbox OK - 2048x1536 - frames 15960
2026-10-07 02:18:49.310 [bg] mem=10.2MB Decoder: SPS received
2026-10-07 02:18:49.312 [bg] mem=10.2MB Decoder: PPS received
2026-10-07 02:18:50.309 [bg] mem=10.2MB Decoder: SPS received
2026-10-07 02:18:50.311 [bg] mem=10.2MB Decoder: PPS received
2026-10-07 02:18:50.324 [bg] mem=10.2MB Decoder: VideoToolbox OK - 2048x1536 - frames 16080
2026-10-07 02:18:51.310 [bg] mem=10.2MB Decoder: SPS received
2026-10-07 02:18:51.312 [bg] mem=10.2MB Decoder: PPS received
2026-10-07 02:18:52.319 [bg] mem=10.2MB Decoder: SPS received
2026-10-07 02:18:52.320 [bg] mem=10.2MB Decoder: PPS received
2026-10-07 02:18:52.338 [bg] mem=10.2MB Decoder: VideoToolbox OK - 2048x1536 - frames 16200
2026-10-07 02:18:53.310 [bg] mem=10.2MB Decoder: SPS received
2026-10-07 02:18:53.311 [bg] mem=10.2MB Decoder: PPS received
2026-10-07 02:18:54.310 [bg] mem=10.2MB Decoder: SPS received
2026-10-07 02:18:54.312 [bg] mem=10.2MB Decoder: PPS received
2026-10-07 02:18:54.321 [bg] mem=10.2MB Decoder: VideoToolbox OK - 2048x1536 - frames 16320
2026-10-07 02:18:55.310 [bg] mem=10.2MB Decoder: SPS received
2026-10-07 02:18:55.311 [bg] mem=10.2MB Decoder: PPS received
2026-10-07 02:18:56.310 [bg] mem=10.2MB Decoder: SPS received
2026-10-07 02:18:56.312 [bg] mem=10.2MB Decoder: PPS received
2026-10-07 02:18:56.321 [bg] mem=10.2MB Decoder: VideoToolbox OK - 2048x1536 - frames 16440
